// Jest Snapshot v1, https://goo.gl/fbAQLP

exports[`Pruebas en SearchPage debe de mostrar el componente 1`] = `
<div>
  <h1>
    Search
  </h1>
  <hr />
  <div
    class="row"
  >
    <div
      class="col-5"
    >
      <form
        aria-label="form"
      >
        <input
          aria-label="Find your hero"
          autocomplete="off"
          class="form-control"
          name="searchText"
          placeholder="Find your hero"
          type="text"
          value=""
        />
        <button
          class="btn btn-outline-primary mt-1"
          type="submit"
        >
          Search
        </button>
      </form>
    </div>
    <div
      class="col-7"
    >
      <h4>
        Results
      </h4>
      <hr />
      <div
        class="alert alert-primary animate__animated animate__fadeIn"
      >
        Search Hero
      </div>
      <div
        aria-label="alert-danger"
        class="alert alert-danger animate__animated animate__fadeIn"
        style="display: none;"
      >
        No hero with 
        <b />
      </div>
    </div>
  </div>
</div>
`;
